// Jest Snapshot v1, https://goo.gl/fbAQLP

exports[`Watchlist Component Snapshot Test 1`] = `
<div>
  <svg
    aria-hidden="true"
    class="MuiSvgIcon-root add"
    data-testid="add_to_watchlist"
    focusable="false"
    title="Add To WatchList"
    viewBox="0 0 24 24"
  >
    <path
      d="M17 3H7c-1.1 0-1.99.9-1.99 2L5 21l7-3 7 3V5c0-1.1-.9-2-2-2zm0 15l-5-2.18L7 18V5h10v13z"
    />
  </svg>
</div>
`;
